** Drc report for bootcampElectronics.kicad_pcb **
** Created on 2026-05-18T06:57:12+0200 **

** Found 143 DRC violations **
[connection_width]: Copper connection too narrow (board setup constraints minimum connection width 0.3000 mm; actual 0.2000 mm) (B.Cu)
    Rule: board setup constraints; warning
    @(158.2000 mm, 91.9000 mm): Via [Net-(U1-XTAL2/PB7)] on F.Cu - B.Cu
    @(158.2000 mm, 91.9000 mm): Track [Net-(U1-XTAL2/PB7)] on B.Cu, length 9.0000 mm
[connection_width]: Copper connection too narrow (board setup constraints minimum connection width 0.3000 mm; actual 0.2000 mm) (B.Cu)
    Rule: board setup constraints; warning
    @(157.5000 mm, 90.7000 mm): Track [Net-(U1-XTAL1/PB6)] on B.Cu, length 1.9000 mm
    @(159.4000 mm, 90.7000 mm): Via [Net-(U1-XTAL1/PB6)] on F.Cu - B.Cu
[connection_width]: Copper connection too narrow (board setup constraints minimum connection width 0.3000 mm; actual 0.2000 mm) (B.Cu)
    Rule: board setup constraints; warning
    @(153.2000 mm, 93.3000 mm): Track [Net-(U1-XTAL1/PB6)] on B.Cu, length 1.7000 mm
    @(153.2000 mm, 93.3000 mm): Via [Net-(U1-XTAL1/PB6)] on F.Cu - B.Cu
[connection_width]: Copper connection too narrow (board setup constraints minimum connection width 0.3000 mm; actual 0.2000 mm) (F.Cu)
    Rule: board setup constraints; warning
    @(162.0000 mm, 100.8000 mm): Pad 20 [Net-(U1-AREF)] of U1 on F.Cu
    @(162.0000 mm, 100.8000 mm): Track [Net-(U1-AREF)] on F.Cu, length 1.4000 mm
[connection_width]: Copper connection too narrow (board setup constraints minimum connection width 0.3000 mm; actual 0.2000 mm) (F.Cu)
    Rule: board setup constraints; warning
    @(162.0000 mm, 102.2000 mm): Track [Net-(U1-AREF)] on F.Cu, length 2.0506 mm
    @(163.4500 mm, 103.6500 mm): Pad 1 [Net-(U1-AREF)] of C3 on F.Cu
[connection_width]: Copper connection too narrow (board setup constraints minimum connection width 0.3000 mm; actual 0.2000 mm) (F.Cu)
    Rule: board setup constraints; warning
    @(174.6000 mm, 97.7000 mm): Pad 2 [Net-(D2-Pad2)] of D2 on F.Cu
    @(174.6000 mm, 100.0000 mm): Track [Net-(D2-Pad2)] on F.Cu, length 2.3000 mm
[connection_width]: Copper connection too narrow (board setup constraints minimum connection width 0.3000 mm; actual 0.2000 mm) (F.Cu)
    Rule: board setup constraints; warning
    @(153.2000 mm, 93.3000 mm): Via [Net-(U1-XTAL1/PB6)] on F.Cu - B.Cu
    @(153.2000 mm, 93.3000 mm): Track [Net-(U1-XTAL1/PB6)] on F.Cu, length 1.7000 mm
[connection_width]: Copper connection too narrow (board setup constraints minimum connection width 0.3000 mm; actual 0.2474 mm) (F.Cu)
    Rule: board setup constraints; warning
    @(155.2500 mm, 99.9000 mm): Pad 3 [Net-(U1-XTAL2/PB7)] of Y1 on F.Cu
    @(156.2500 mm, 100.9500 mm): Track [Net-(U1-XTAL2/PB7)] on F.Cu, length 1.4142 mm
[connection_width]: Copper connection too narrow (board setup constraints minimum connection width 0.3000 mm; actual 0.2000 mm) (F.Cu)
    Rule: board setup constraints; warning
    @(159.4200 mm, 106.5000 mm): PTH pad 9 [SCK] of J2
    @(159.4200 mm, 106.5000 mm): Track [SCK] on F.Cu, length 5.5200 mm
[connection_width]: Copper connection too narrow (board setup constraints minimum connection width 0.3000 mm; actual 0.2000 mm) (F.Cu)
    Rule: board setup constraints; warning
    @(153.0500 mm, 98.3000 mm): Track [Net-(U1-XTAL1/PB6)] on F.Cu, length 2.5000 mm
    @(153.0500 mm, 95.8000 mm): Track [Net-(U1-XTAL1/PB6)] on F.Cu, length 0.1414 mm
[connection_width]: Copper connection too narrow (board setup constraints minimum connection width 0.3000 mm; actual 0.2000 mm) (B.Cu)
    Rule: board setup constraints; warning
    @(156.4500 mm, 102.6500 mm): Via [Net-(U1-XTAL2/PB7)] on F.Cu - B.Cu
    @(158.2000 mm, 100.9000 mm): Track [Net-(U1-XTAL2/PB7)] on B.Cu, length 2.4749 mm
[connection_width]: Copper connection too narrow (board setup constraints minimum connection width 0.3000 mm; actual 0.2000 mm) (F.Cu)
    Rule: board setup constraints; warning
    @(170.0000 mm, 91.4000 mm): Pad 1 [Net-(C4-Pad1)] of C4 on F.Cu
    @(170.0000 mm, 91.4000 mm): Track [Net-(C4-Pad1)] on F.Cu, length 1.9000 mm
[connection_width]: Copper connection too narrow (board setup constraints minimum connection width 0.3000 mm; actual 0.2262 mm) (F.Cu)
    Rule: board setup constraints; warning
    @(176.2000 mm, 97.0500 mm): Track [Net-(D1-Pad1)] on F.Cu, length 0.7071 mm
    @(176.2000 mm, 96.9500 mm): Track [Net-(D1-Pad1)] on F.Cu, length 0.1000 mm
[connection_width]: Copper connection too narrow (board setup constraints minimum connection width 0.3000 mm; actual 0.2790 mm) (F.Cu)
    Rule: board setup constraints; warning
    @(153.2000 mm, 95.0000 mm): Track [Net-(U1-XTAL1/PB6)] on F.Cu, length 0.3536 mm
    @(152.9500 mm, 95.7000 mm): Pad 2 [Net-(U1-XTAL1/PB6)] of C2 on F.Cu
[connection_width]: Copper connection too narrow (board setup constraints minimum connection width 0.3000 mm; actual 0.2000 mm) (F.Cu)
    Rule: board setup constraints; warning
    @(156.2500 mm, 101.7000 mm): Track [Net-(U1-XTAL2/PB7)] on F.Cu, length 0.7500 mm
    @(156.2500 mm, 100.9500 mm): Track [Net-(U1-XTAL2/PB7)] on F.Cu, length 1.4142 mm
[connection_width]: Copper connection too narrow (board setup constraints minimum connection width 0.3000 mm; actual 0.2789 mm) (F.Cu)
    Rule: board setup constraints; warning
    @(171.9000 mm, 91.4000 mm): Track [Net-(C4-Pad1)] on F.Cu, length 0.7071 mm
    @(170.0000 mm, 91.4000 mm): Track [Net-(C4-Pad1)] on F.Cu, length 1.9000 mm
[connection_width]: Copper connection too narrow (board setup constraints minimum connection width 0.3000 mm; actual 0.2012 mm) (F.Cu)
    Rule: board setup constraints; warning
    @(175.7000 mm, 97.8080 mm): Track [Net-(D1-Pad1)] on F.Cu, length 0.1428 mm
    @(175.7000 mm, 97.5500 mm): Track [Net-(D1-Pad1)] on F.Cu, length 0.2580 mm
[connection_width]: Copper connection too narrow (board setup constraints minimum connection width 0.3000 mm; actual 0.2033 mm) (F.Cu)
    Rule: board setup constraints; warning
    @(177.4000 mm, 101.4500 mm): Pad 1 [SCK] of R1 on F.Cu
    @(177.7500 mm, 101.8000 mm): Track [SCK] on F.Cu, length 0.4520 mm
[connection_width]: Copper connection too narrow (board setup constraints minimum connection width 0.3000 mm; actual 0.2092 mm) (F.Cu)
    Rule: board setup constraints; warning
    @(178.3210 mm, 86.7010 mm): Track [TXO] on F.Cu, length 5.8498 mm
    @(180.0200 mm, 88.4000 mm): Track [TXO] on F.Cu, length 2.4027 mm
[connection_width]: Copper connection too narrow (board setup constraints minimum connection width 0.3000 mm; actual 0.2012 mm) (F.Cu)
    Rule: board setup constraints; warning
    @(175.7000 mm, 99.0920 mm): Track [Net-(D1-Pad1)] on F.Cu, length 2.3580 mm
    @(175.5990 mm, 98.9910 mm): Track [Net-(D1-Pad1)] on F.Cu, length 0.1428 mm
[connection_width]: Copper connection too narrow (board setup constraints minimum connection width 0.3000 mm; actual 0.2000 mm) (F.Cu)
    Rule: board setup constraints; warning
    @(156.4500 mm, 102.6500 mm): Track [Net-(U1-XTAL2/PB7)] on F.Cu, length 0.7500 mm
    @(156.4500 mm, 102.6500 mm): Via [Net-(U1-XTAL2/PB7)] on F.Cu - B.Cu
[connection_width]: Copper connection too narrow (board setup constraints minimum connection width 0.3000 mm; actual 0.2000 mm) (F.Cu)
    Rule: board setup constraints; warning
    @(178.8010 mm, 102.3990 mm): Track [SCK] on F.Cu, length 0.0014 mm
    @(178.8010 mm, 102.3990 mm): Via [SCK] on F.Cu - B.Cu
[connection_width]: Copper connection too narrow (board setup constraints minimum connection width 0.3000 mm; actual 0.2000 mm) (F.Cu)
    Rule: board setup constraints; warning
    @(174.9400 mm, 88.4000 mm): PTH pad 10 [DTR] of J1
    @(175.6000 mm, 89.0600 mm): Track [DTR] on F.Cu, length 2.3400 mm
[connection_width]: Copper connection too narrow (board setup constraints minimum connection width 0.3000 mm; actual 0.2457 mm) (F.Cu)
    Rule: board setup constraints; warning
    @(159.4000 mm, 90.7000 mm): Via [Net-(U1-XTAL1/PB6)] on F.Cu - B.Cu
    @(159.6500 mm, 90.7000 mm): Track [Net-(U1-XTAL1/PB6)] on F.Cu, length 1.0607 mm
[connection_width]: Copper connection too narrow (board setup constraints minimum connection width 0.3000 mm; actual 0.2000 mm) (F.Cu)
    Rule: board setup constraints; warning
    @(181.9990 mm, 90.3790 mm): Track [TXO] on F.Cu, length 2.7987 mm
    @(180.0200 mm, 88.4000 mm): PTH pad 12 [TXO] of J1
[connection_width]: Copper connection too narrow (board setup constraints minimum connection width 0.3000 mm; actual 0.2092 mm) (F.Cu)
    Rule: board setup constraints; warning
    @(179.5478 mm, 86.3000 mm): Track [RAW] on F.Cu, length 14.5335 mm
    @(182.4000 mm, 89.1522 mm): Track [RAW] on F.Cu, length 4.0337 mm
[connection_width]: Copper connection too narrow (board setup constraints minimum connection width 0.3000 mm; actual 0.2000 mm) (F.Cu)
    Rule: board setup constraints; warning
    @(180.0000 mm, 101.5000 mm): PTH pad 5 [TXO] of J3
    @(180.0000 mm, 101.5000 mm): Track [TXO] on F.Cu, length 2.8270 mm
[connection_width]: Copper connection too narrow (board setup constraints minimum connection width 0.3000 mm; actual 0.2828 mm) (F.Cu)
    Rule: board setup constraints; warning
    @(175.1000 mm, 91.9000 mm): Track [DTR] on F.Cu, length 4.6669 mm
    @(175.1000 mm, 91.9000 mm): Pad 2 [DTR] of SW1 on F.Cu
[connection_width]: Copper connection too narrow (board setup constraints minimum connection width 0.3000 mm; actual 0.2828 mm) (F.Cu)
    Rule: board setup constraints; warning
    @(159.3000 mm, 91.9000 mm): Track [Net-(U1-XTAL2/PB7)] on F.Cu, length 1.1000 mm
    @(159.6000 mm, 92.2000 mm): Track [Net-(U1-XTAL2/PB7)] on F.Cu, length 0.4243 mm
[connection_width]: Copper connection too narrow (board setup constraints minimum connection width 0.3000 mm; actual 0.2092 mm) (F.Cu)
    Rule: board setup constraints; warning
    @(171.0110 mm, 88.1612 mm): Track [TXO] on F.Cu, length 0.7155 mm
    @(172.4712 mm, 86.7010 mm): Track [TXO] on F.Cu, length 2.0651 mm
[connection_width]: Copper connection too narrow (board setup constraints minimum connection width 0.3000 mm; actual 0.2000 mm) (F.Cu)
    Rule: board setup constraints; warning
    @(152.0800 mm, 88.4000 mm): PTH pad 1 [D9] of J1
    @(155.0000 mm, 91.3200 mm): Track [D9] on F.Cu, length 4.1295 mm
[connection_width]: Copper connection too narrow (board setup constraints minimum connection width 0.3000 mm; actual 0.2000 mm) (F.Cu)
    Rule: board setup constraints; warning
    @(170.1000 mm, 95.2000 mm): Pad 2 [DTR] of R3 on F.Cu
    @(171.8000 mm, 95.2000 mm): Track [DTR] on F.Cu, length 1.7000 mm
[connection_width]: Copper connection too narrow (board setup constraints minimum connection width 0.3000 mm; actual 0.2088 mm) (F.Cu)
    Rule: board setup constraints; warning
    @(169.3297 mm, 89.4974 mm): Track [TXO] on F.Cu, length 2.4447 mm
    @(169.3832 mm, 89.5510 mm): Track [TXO] on F.Cu, length 0.0758 mm
[connection_width]: Copper connection too narrow (board setup constraints minimum connection width 0.3000 mm; actual 0.2000 mm) (F.Cu)
    Rule: board setup constraints; warning
    @(158.2000 mm, 91.9000 mm): Via [Net-(U1-XTAL2/PB7)] on F.Cu - B.Cu
    @(159.3000 mm, 91.9000 mm): Track [Net-(U1-XTAL2/PB7)] on F.Cu, length 1.1000 mm
[connection_width]: Copper connection too narrow (board setup constraints minimum connection width 0.3000 mm; actual 0.2012 mm) (F.Cu)
    Rule: board setup constraints; warning
    @(156.1339 mm, 96.5010 mm): Track [D9] on F.Cu, length 1.6036 mm
    @(155.0000 mm, 95.3671 mm): Track [D9] on F.Cu, length 4.0471 mm
[connection_width]: Copper connection too narrow (board setup constraints minimum connection width 0.3000 mm; actual 0.2000 mm) (F.Cu)
    Rule: board setup constraints; warning
    @(170.1000 mm, 95.2000 mm): Pad 2 [DTR] of R3 on F.Cu
    @(170.1000 mm, 95.2000 mm): Track [DTR] on F.Cu, length 1.2728 mm
[connection_width]: Copper connection too narrow (board setup constraints minimum connection width 0.3000 mm; actual 0.2012 mm) (F.Cu)
    Rule: board setup constraints; warning
    @(167.6010 mm, 93.2380 mm): Track [TXO] on F.Cu, length 0.2121 mm
    @(167.7510 mm, 93.3880 mm): Track [TXO] on F.Cu, length 0.6240 mm
[connection_width]: Copper connection too narrow (board setup constraints minimum connection width 0.3000 mm; actual 0.2039 mm) (F.Cu)
    Rule: board setup constraints; warning
    @(169.2000 mm, 96.1000 mm): Track [DTR] on F.Cu, length 0.6000 mm
    @(168.6000 mm, 96.1000 mm): Track [DTR] on F.Cu, length 0.6000 mm
[connection_width]: Copper connection too narrow (board setup constraints minimum connection width 0.3000 mm; actual 0.2092 mm) (F.Cu)
    Rule: board setup constraints; warning
    @(157.5370 mm, 96.9000 mm): Track [D9] on F.Cu, length 0.5643 mm
    @(157.1380 mm, 96.5010 mm): Track [D9] on F.Cu, length 1.0041 mm
[connection_width]: Copper connection too narrow (board setup constraints minimum connection width 0.3000 mm; actual 0.2056 mm) (F.Cu)
    Rule: board setup constraints; warning
    @(167.7510 mm, 94.0120 mm): Track [TXO] on F.Cu, length 0.3026 mm
    @(166.7000 mm, 94.5000 mm): Pad 31 [TXO] of U1 on F.Cu
[connection_width]: Copper connection too narrow (board setup constraints minimum connection width 0.3000 mm; actual 0.2092 mm) (F.Cu)
    Rule: board setup constraints; warning
    @(168.6000 mm, 103.5420 mm): Track [DTR] on F.Cu, length 6.8420 mm
    @(168.6000 mm, 96.7000 mm): Track [DTR] on F.Cu, length 0.8485 mm
[connection_width]: Copper connection too narrow (board setup constraints minimum connection width 0.3000 mm; actual 0.2086 mm) (F.Cu)
    Rule: board setup constraints; warning
    @(167.6010 mm, 93.2380 mm): Track [TXO] on F.Cu, length 0.2121 mm
    @(167.7510 mm, 93.3880 mm): Track [TXO] on F.Cu, length 0.6240 mm
[connection_width]: Copper connection too narrow (board setup constraints minimum connection width 0.3000 mm; actual 0.2711 mm) (F.Cu)
    Rule: board setup constraints; warning
    @(164.4000 mm, 100.8000 mm): Pad 23 [A0] of U1 on F.Cu
    @(165.1000 mm, 102.2000 mm): Track [A0] on F.Cu, length 0.9899 mm
[connection_width]: Copper connection too narrow (board setup constraints minimum connection width 0.3000 mm; actual 0.2012 mm) (F.Cu)
    Rule: board setup constraints; warning
    @(175.7000 mm, 101.4500 mm): Track [Net-(D1-Pad1)] on F.Cu, length 2.4042 mm
    @(175.7000 mm, 99.0920 mm): Track [Net-(D1-Pad1)] on F.Cu, length 2.3580 mm
[connection_width]: Copper connection too narrow (board setup constraints minimum connection width 0.3000 mm; actual 0.2092 mm) (F.Cu)
    Rule: board setup constraints; warning
    @(170.9690 mm, 105.9110 mm): Track [DTR] on F.Cu, length 3.3503 mm
    @(170.9690 mm, 107.2000 mm): Track [DTR] on F.Cu, length 1.2890 mm
[connection_width]: Copper connection too narrow (board setup constraints minimum connection width 0.3000 mm; actual 0.2092 mm) (F.Cu)
    Rule: board setup constraints; warning
    @(165.9990 mm, 104.0010 mm): Track [A0] on F.Cu, length 1.7020 mm
    @(165.9000 mm, 102.2000 mm): Track [A0] on F.Cu, length 0.8000 mm
[connection_width]: Copper connection too narrow (board setup constraints minimum connection width 0.3000 mm; actual 0.2012 mm) (F.Cu)
    Rule: board setup constraints; warning
    @(173.4600 mm, 107.7000 mm): Track [DTR] on F.Cu, length 1.9910 mm
    @(171.4690 mm, 107.7000 mm): Track [DTR] on F.Cu, length 0.7071 mm
[connection_width]: Copper connection too narrow (board setup constraints minimum connection width 0.3000 mm; actual 0.2011 mm) (F.Cu)
    Rule: board setup constraints; warning
    @(167.0400 mm, 106.5000 mm): Track [A2] on F.Cu, length 6.8600 mm
    @(166.7000 mm, 99.3000 mm): Pad 25 [A2] of U1 on F.Cu
[connection_width]: Copper connection too narrow (board setup constraints minimum connection width 0.3000 mm; actual 0.2012 mm) (F.Cu)
    Rule: board setup constraints; warning
    @(161.9600 mm, 106.5000 mm): Track [A0] on F.Cu, length 1.9799 mm
    @(163.3600 mm, 105.1000 mm): Track [A0] on F.Cu, length 1.5400 mm
[connection_width]: Copper connection too narrow (board setup constraints minimum connection width 0.3000 mm; actual 0.2414 mm) (F.Cu)
    Rule: board setup constraints; warning
    @(167.4500 mm, 98.5000 mm): Track [A3] on F.Cu, length 0.7500 mm
    @(167.7510 mm, 98.8010 mm): Track [A3] on F.Cu, length 0.4257 mm
[connection_width]: Copper connection too narrow (board setup constraints minimum connection width 0.3000 mm; actual 0.2000 mm) (F.Cu)
    Rule: board setup constraints; warning
    @(174.6600 mm, 106.5000 mm): PTH pad 3 [DTR] of J2
    @(174.6600 mm, 106.5000 mm): Track [DTR] on F.Cu, length 1.6971 mm
[connection_width]: Copper connection too narrow (board setup constraints minimum connection width 0.3000 mm; actual 0.2012 mm) (F.Cu)
    Rule: board setup constraints; warning
    @(167.7510 mm, 104.6710 mm): Track [A3] on F.Cu, length 5.8700 mm
    @(169.5800 mm, 106.5000 mm): Track [A3] on F.Cu, length 2.5866 mm
[connection_width]: Copper connection too narrow (board setup constraints minimum connection width 0.3000 mm; actual 0.2012 mm) (F.Cu)
    Rule: board setup constraints; warning
    @(165.9990 mm, 104.0010 mm): Track [A0] on F.Cu, length 1.7020 mm
    @(164.9000 mm, 105.1000 mm): Track [A0] on F.Cu, length 1.5542 mm
[connection_width]: Copper connection too narrow (board setup constraints minimum connection width 0.3000 mm; actual 0.2000 mm) (F.Cu)
    Rule: board setup constraints; warning
    @(165.2000 mm, 100.8000 mm): Pad 24 [A1] of U1 on F.Cu
    @(166.2000 mm, 100.8000 mm): Track [A1] on F.Cu, length 1.0000 mm
[connection_width]: Copper connection too narrow (board setup constraints minimum connection width 0.3000 mm; actual 0.2000 mm) (F.Cu)
    Rule: board setup constraints; warning
    @(179.7400 mm, 106.5000 mm): PTH pad 1 [RAW] of J2
    @(179.7400 mm, 106.5000 mm): Track [RAW] on F.Cu, length 1.9955 mm
[connection_width]: Copper connection too narrow (board setup constraints minimum connection width 0.3000 mm; actual 0.2000 mm) (F.Cu)
    Rule: board setup constraints; warning
    @(176.0600 mm, 107.9000 mm): Track [DTR] on F.Cu, length 1.9799 mm
    @(174.6600 mm, 106.5000 mm): PTH pad 3 [DTR] of J2
[connection_width]: Copper connection too narrow (board setup constraints minimum connection width 0.3000 mm; actual 0.2000 mm) (F.Cu)
    Rule: board setup constraints; warning
    @(169.8600 mm, 88.4000 mm): Track [D2] on F.Cu, length 3.7618 mm
    @(169.8600 mm, 88.4000 mm): PTH pad 8 [D2] of J1
[connection_width]: Copper connection too narrow (board setup constraints minimum connection width 0.3000 mm; actual 0.2000 mm) (F.Cu)
    Rule: board setup constraints; warning
    @(179.7400 mm, 106.5000 mm): PTH pad 1 [RAW] of J2
    @(179.7400 mm, 106.5000 mm): Track [RAW] on F.Cu, length 3.3941 mm
[connection_width]: Copper connection too narrow (board setup constraints minimum connection width 0.3000 mm; actual 0.2092 mm) (F.Cu)
    Rule: board setup constraints; warning
    @(174.5122 mm, 87.2000 mm): Track [RXI] on F.Cu, length 1.7678 mm
    @(176.2800 mm, 87.2000 mm): Track [RXI] on F.Cu, length 1.6971 mm
[connection_width]: Copper connection too narrow (board setup constraints minimum connection width 0.3000 mm; actual 0.2012 mm) (F.Cu)
    Rule: board setup constraints; warning
    @(166.2000 mm, 100.8000 mm): Track [A1] on F.Cu, length 1.0000 mm
    @(166.4000 mm, 101.0000 mm): Track [A1] on F.Cu, length 0.2828 mm
[connection_width]: Copper connection too narrow (board setup constraints minimum connection width 0.3000 mm; actual 0.2012 mm) (F.Cu)
    Rule: board setup constraints; warning
    @(178.4200 mm, 106.9078 mm): Track [DTR] on F.Cu, length 1.4032 mm
    @(177.4278 mm, 107.9000 mm): Track [DTR] on F.Cu, length 1.3678 mm
[connection_width]: Copper connection too narrow (board setup constraints minimum connection width 0.3000 mm; actual 0.2012 mm) (F.Cu)
    Rule: board setup constraints; warning
    @(167.2000 mm, 91.0600 mm): Track [D2] on F.Cu, length 2.1400 mm
    @(167.2000 mm, 93.2000 mm): Track [D2] on F.Cu, length 0.7071 mm
[connection_width]: Copper connection too narrow (board setup constraints minimum connection width 0.3000 mm; actual 0.2012 mm) (F.Cu)
    Rule: board setup constraints; warning
    @(162.7322 mm, 108.9000 mm): Track [RAW] on F.Cu, length 3.0154 mm
    @(177.3400 mm, 108.9000 mm): Track [RAW] on F.Cu, length 14.6078 mm
[connection_width]: Copper connection too narrow (board setup constraints minimum connection width 0.3000 mm; actual 0.2092 mm) (F.Cu)
    Rule: board setup constraints; warning
    @(180.0000 mm, 104.0400 mm): Track [DTR] on F.Cu, length 2.2345 mm
    @(178.4200 mm, 105.6200 mm): Track [DTR] on F.Cu, length 1.2878 mm
[connection_width]: Copper connection too narrow (board setup constraints minimum connection width 0.3000 mm; actual 0.2243 mm) (F.Cu)
    Rule: board setup constraints; warning
    @(164.4000 mm, 88.7800 mm): Track [D4] on F.Cu, length 3.4200 mm
    @(164.7800 mm, 88.4000 mm): PTH pad 6 [D4] of J1
[connection_width]: Copper connection too narrow (board setup constraints minimum connection width 0.3000 mm; actual 0.2000 mm) (F.Cu)
    Rule: board setup constraints; warning
    @(164.5000 mm, 106.5000 mm): PTH pad 7 [A1] of J2
    @(164.5000 mm, 106.5000 mm): Track [A1] on F.Cu, length 2.6870 mm
[connection_width]: Copper connection too narrow (board setup constraints minimum connection width 0.3000 mm; actual 0.2000 mm) (F.Cu)
    Rule: board setup constraints; warning
    @(167.3200 mm, 88.4000 mm): PTH pad 7 [D3] of J1
    @(167.3200 mm, 88.4000 mm): Track [D3] on F.Cu, length 2.9981 mm
[connection_width]: Copper connection too narrow (board setup constraints minimum connection width 0.3000 mm; actual 0.2000 mm) (F.Cu)
    Rule: board setup constraints; warning
    @(160.6000 mm, 106.7678 mm): Track [RAW] on F.Cu, length 4.5678 mm
    @(161.7500 mm, 103.6500 mm): Track [RAW] on F.Cu, length 1.6263 mm
[connection_width]: Copper connection too narrow (board setup constraints minimum connection width 0.3000 mm; actual 0.2454 mm) (F.Cu)
    Rule: board setup constraints; warning
    @(177.4800 mm, 88.4000 mm): PTH pad 11 [RXI] of J1
    @(177.9800 mm, 88.9000 mm): Track [RXI] on F.Cu, length 0.9122 mm
[connection_width]: Copper connection too narrow (board setup constraints minimum connection width 0.3000 mm; actual 0.2000 mm) (F.Cu)
    Rule: board setup constraints; warning
    @(166.7000 mm, 96.1000 mm): Pad 29 [DTR] of U1 on F.Cu
    @(168.0000 mm, 96.1000 mm): Track [DTR] on F.Cu, length 1.3000 mm
[connection_width]: Copper connection too narrow (board setup constraints minimum connection width 0.3000 mm; actual 0.2000 mm) (F.Cu)
    Rule: board setup constraints; warning
    @(165.2000 mm, 92.2500 mm): Pad 1 [D3] of U1 on F.Cu
    @(165.2000 mm, 90.5200 mm): Track [D3] on F.Cu, length 1.7300 mm
[connection_width]: Copper connection too narrow (board setup constraints minimum connection width 0.3000 mm; actual 0.2000 mm) (F.Cu)
    Rule: board setup constraints; warning
    @(161.7500 mm, 103.6500 mm): Track [RAW] on F.Cu, length 1.6263 mm
    @(161.7500 mm, 103.6500 mm): Pad 2 [RAW] of C3 on F.Cu
[connection_width]: Copper connection too narrow (board setup constraints minimum connection width 0.3000 mm; actual 0.2332 mm) (F.Cu)
    Rule: board setup constraints; warning
    @(157.3500 mm, 97.7000 mm): Track [D10] on F.Cu, length 0.7500 mm
    @(158.1000 mm, 97.7000 mm): Pad 14 [D10] of U1 on F.Cu
[connection_width]: Copper connection too narrow (board setup constraints minimum connection width 0.3000 mm; actual 0.2000 mm) (B.Cu)
    Rule: board setup constraints; warning
    @(178.8010 mm, 102.3990 mm): Via [SCK] on F.Cu - B.Cu
    @(178.8010 mm, 102.3990 mm): Track [SCK] on B.Cu, length 15.2800 mm
[connection_width]: Copper connection too narrow (board setup constraints minimum connection width 0.3000 mm; actual 0.2000 mm) (F.Cu)
    Rule: board setup constraints; warning
    @(162.2400 mm, 88.4000 mm): PTH pad 5 [D5] of J1
    @(162.2400 mm, 88.4000 mm): Track [D5] on F.Cu, length 2.2627 mm
[connection_width]: Copper connection too narrow (board setup constraints minimum connection width 0.3000 mm; actual 0.2012 mm) (F.Cu)
    Rule: board setup constraints; warning
    @(181.1510 mm, 103.5632 mm): Track [RAW] on F.Cu, length 0.9535 mm
    @(181.1510 mm, 105.0890 mm): Track [RAW] on F.Cu, length 1.5258 mm
[connection_width]: Copper connection too narrow (board setup constraints minimum connection width 0.3000 mm; actual 0.2012 mm) (F.Cu)
    Rule: board setup constraints; warning
    @(156.6480 mm, 99.7781 mm): Track [D10] on F.Cu, length 1.3761 mm
    @(158.1000 mm, 101.2301 mm): Track [D10] on F.Cu, length 2.0534 mm
[connection_width]: Copper connection too narrow (board setup constraints minimum connection width 0.3000 mm; actual 0.2000 mm) (B.Cu)
    Rule: board setup constraints; warning
    @(163.5210 mm, 102.3990 mm): Track [SCK] on B.Cu, length 5.7997 mm
    @(159.4200 mm, 106.5000 mm): PTH pad 9 [SCK] of J2
[connection_width]: Copper connection too narrow (board setup constraints minimum connection width 0.3000 mm; actual 0.2012 mm) (F.Cu)
    Rule: board setup constraints; warning
    @(159.2000 mm, 90.0000 mm): Track [D5] on F.Cu, length 1.2728 mm
    @(160.6400 mm, 90.0000 mm): Track [D5] on F.Cu, length 1.4400 mm
[connection_width]: Copper connection too narrow (board setup constraints minimum connection width 0.3000 mm; actual 0.2092 mm) (F.Cu)
    Rule: board setup constraints; warning
    @(158.1000 mm, 101.2301 mm): Track [D10] on F.Cu, length 2.0534 mm
    @(158.1000 mm, 102.1729 mm): Track [D10] on F.Cu, length 0.9428 mm
[connection_width]: Copper connection too narrow (board setup constraints minimum connection width 0.3000 mm; actual 0.2092 mm) (F.Cu)
    Rule: board setup constraints; warning
    @(179.5232 mm, 102.8890 mm): Track [RAW] on F.Cu, length 2.4197 mm
    @(180.4768 mm, 102.8890 mm): Track [RAW] on F.Cu, length 0.9535 mm
[connection_width]: Copper connection too narrow (board setup constraints minimum connection width 0.3000 mm; actual 0.2000 mm) (F.Cu)
    Rule: board setup constraints; warning
    @(154.6200 mm, 88.4000 mm): Track [D8] on F.Cu, length 1.2445 mm
    @(154.6200 mm, 88.4000 mm): PTH pad 2 [D8] of J1
[connection_width]: Copper connection too narrow (board setup constraints minimum connection width 0.3000 mm; actual 0.2000 mm) (F.Cu)
    Rule: board setup constraints; warning
    @(159.7000 mm, 88.4000 mm): PTH pad 4 [D6] of J1
    @(159.7000 mm, 88.4000 mm): Track [D6] on F.Cu, length 2.2627 mm
[connection_width]: Copper connection too narrow (board setup constraints minimum connection width 0.3000 mm; actual 0.2000 mm) (F.Cu)
    Rule: board setup constraints; warning
    @(157.1600 mm, 88.4000 mm): PTH pad 3 [D7] of J1
    @(157.1600 mm, 88.4000 mm): Track [D7] on F.Cu, length 1.7805 mm
[connection_width]: Copper connection too narrow (board setup constraints minimum connection width 0.3000 mm; actual 0.2012 mm) (F.Cu)
    Rule: board setup constraints; warning
    @(155.5000 mm, 95.3000 mm): Track [D8] on F.Cu, length 1.1314 mm
    @(155.5000 mm, 89.2800 mm): Track [D8] on F.Cu, length 6.0200 mm
[connection_width]: Copper connection too narrow (board setup constraints minimum connection width 0.3000 mm; actual 0.2154 mm) (F.Cu)
    Rule: board setup constraints; warning
    @(156.9000 mm, 90.9000 mm): Track [D5] on F.Cu, length 1.6000 mm
    @(158.3000 mm, 90.9000 mm): Track [D5] on F.Cu, length 1.4000 mm
[connection_width]: Copper connection too narrow (board setup constraints minimum connection width 0.3000 mm; actual 0.2042 mm) (F.Cu)
    Rule: board setup constraints; warning
    @(158.1000 mm, 90.0000 mm): Track [D6] on F.Cu, length 1.4000 mm
    @(156.7000 mm, 90.0000 mm): Track [D6] on F.Cu, length 0.1000 mm
[connection_width]: Copper connection too narrow (board setup constraints minimum connection width 0.3000 mm; actual 0.2000 mm) (F.Cu)
    Rule: board setup constraints; warning
    @(158.1000 mm, 96.1000 mm): Pad 12 [D8] of U1 on F.Cu
    @(156.3000 mm, 96.1000 mm): Track [D8] on F.Cu, length 1.8000 mm
[connection_width]: Copper connection too narrow (board setup constraints minimum connection width 0.3000 mm; actual 0.2012 mm) (F.Cu)
    Rule: board setup constraints; warning
    @(155.9010 mm, 94.8990 mm): Track [D7] on F.Cu, length 0.5671 mm
    @(155.9010 mm, 89.6590 mm): Track [D7] on F.Cu, length 5.2400 mm
[connection_width]: Copper connection too narrow (board setup constraints minimum connection width 0.3000 mm; actual 0.2000 mm) (F.Cu)
    Rule: board setup constraints; warning
    @(157.0490 mm, 98.7510 mm): Track [MOSI] on F.Cu, length 0.3550 mm
    @(158.1000 mm, 98.5000 mm): Pad 15 [MOSI] of U1 on F.Cu
[connection_width]: Copper connection too narrow (board setup constraints minimum connection width 0.3000 mm; actual 0.2092 mm) (F.Cu)
    Rule: board setup constraints; warning
    @(156.7000 mm, 90.1000 mm): Track [D6] on F.Cu, length 0.5629 mm
    @(156.3020 mm, 90.4980 mm): Track [D6] on F.Cu, length 4.0020 mm
[connection_width]: Copper connection too narrow (board setup constraints minimum connection width 0.3000 mm; actual 0.2828 mm) (F.Cu)
    Rule: board setup constraints; warning
    @(158.1000 mm, 93.7000 mm): Pad 9 [D5] of U1 on F.Cu
    @(156.9000 mm, 92.5000 mm): Track [D5] on F.Cu, length 1.6971 mm
[connection_width]: Copper connection too narrow (board setup constraints minimum connection width 0.3000 mm; actual 0.2092 mm) (F.Cu)
    Rule: board setup constraints; warning
    @(179.5432 mm, 89.5510 mm): Track [RXI] on F.Cu, length 0.6511 mm
    @(178.8922 mm, 88.9000 mm): Track [RXI] on F.Cu, length 0.9207 mm
[connection_width]: Copper connection too narrow (board setup constraints minimum connection width 0.3000 mm; actual 0.2833 mm) (F.Cu)
    Rule: board setup constraints; warning
    @(175.6000 mm, 91.4000 mm): Track [DTR] on F.Cu, length 0.7071 mm
    @(175.6000 mm, 89.0600 mm): Track [DTR] on F.Cu, length 2.3400 mm
[connection_width]: Copper connection too narrow (board setup constraints minimum connection width 0.3000 mm; actual 0.2828 mm) (F.Cu)
    Rule: board setup constraints; warning
    @(158.1000 mm, 99.3000 mm): Pad 16 [MISO] of U1 on F.Cu
    @(159.0000 mm, 100.2000 mm): Track [MISO] on F.Cu, length 1.2728 mm
[connection_width]: Copper connection too narrow (board setup constraints minimum connection width 0.3000 mm; actual 0.2012 mm) (F.Cu)
    Rule: board setup constraints; warning
    @(177.8122 mm, 104.6000 mm): Track [RAW] on F.Cu, length 3.7922 mm
    @(174.0200 mm, 104.6000 mm): Track [RAW] on F.Cu, length 2.6870 mm
[connection_width]: Copper connection too narrow (board setup constraints minimum connection width 0.3000 mm; actual 0.2000 mm) (F.Cu)
    Rule: board setup constraints; warning
    @(158.1000 mm, 95.3000 mm): Pad 11 [D7] of U1 on F.Cu
    @(156.3020 mm, 95.3000 mm): Track [D7] on F.Cu, length 1.7980 mm
[connection_width]: Copper connection too narrow (board setup constraints minimum connection width 0.3000 mm; actual 0.2493 mm) (F.Cu)
    Rule: board setup constraints; warning
    @(172.1200 mm, 105.7200 mm): Track [RAW] on F.Cu, length 2.9981 mm
    @(172.1200 mm, 106.5000 mm): Track [RAW] on F.Cu, length 0.7800 mm
[connection_width]: Copper connection too narrow (board setup constraints minimum connection width 0.3000 mm; actual 0.2000 mm) (F.Cu)
    Rule: board setup constraints; warning
    @(156.8800 mm, 106.5000 mm): PTH pad 10 [MISO] of J2
    @(156.8800 mm, 106.5000 mm): Track [MISO] on F.Cu, length 2.9981 mm
[connection_width]: Copper connection too narrow (board setup constraints minimum connection width 0.3000 mm; actual 0.2828 mm) (F.Cu)
    Rule: board setup constraints; warning
    @(170.0000 mm, 103.6000 mm): Track [RAW] on F.Cu, length 0.4000 mm
    @(170.0000 mm, 103.6000 mm): Pad 1 [RAW] of C6 on F.Cu
[connection_width]: Copper connection too narrow (board setup constraints minimum connection width 0.3000 mm; actual 0.2092 mm) (F.Cu)
    Rule: board setup constraints; warning
    @(169.2000 mm, 102.4000 mm): Track [RAW] on F.Cu, length 4.6000 mm
    @(169.2000 mm, 97.8000 mm): Track [RAW] on F.Cu, length 1.2728 mm
[connection_width]: Copper connection too narrow (board setup constraints minimum connection width 0.3000 mm; actual 0.2000 mm) (F.Cu)
    Rule: board setup constraints; warning
    @(158.1000 mm, 94.5000 mm): Pad 10 [D6] of U1 on F.Cu
    @(156.3020 mm, 94.5000 mm): Track [D6] on F.Cu, length 1.7980 mm
[connection_width]: Copper connection too narrow (board setup constraints minimum connection width 0.3000 mm; actual 0.2000 mm) (F.Cu)
    Rule: board setup constraints; warning
    @(170.1000 mm, 96.9000 mm): Pad 1 [RAW] of R3 on F.Cu
    @(170.1000 mm, 96.9000 mm): Track [RAW] on F.Cu, length 1.0000 mm
[connection_width]: Copper connection too narrow (board setup constraints minimum connection width 0.3000 mm; actual 0.2012 mm) (F.Cu)
    Rule: board setup constraints; warning
    @(153.8000 mm, 105.1000 mm): Track [D10] on F.Cu, length 1.3729 mm
    @(152.4000 mm, 106.5000 mm): Track [D10] on F.Cu, length 1.9799 mm
[connection_width]: Copper connection too narrow (board setup constraints minimum connection width 0.3000 mm; actual 0.2084 mm) (F.Cu)
    Rule: board setup constraints; warning
    @(157.0490 mm, 98.7510 mm): Track [MOSI] on F.Cu, length 0.3550 mm
    @(157.0490 mm, 99.6120 mm): Track [MOSI] on F.Cu, length 0.8610 mm
[connection_width]: Copper connection too narrow (board setup constraints minimum connection width 0.3000 mm; actual 0.2012 mm) (F.Cu)
    Rule: board setup constraints; warning
    @(172.6000 mm, 98.4000 mm): Track [RAW] on F.Cu, length 1.5000 mm
    @(171.1000 mm, 96.9000 mm): Track [RAW] on F.Cu, length 2.1213 mm
[connection_width]: Copper connection too narrow (board setup constraints minimum connection width 0.3000 mm; actual 0.2012 mm) (F.Cu)
    Rule: board setup constraints; warning
    @(181.5980 mm, 90.9546 mm): Track [RXI] on F.Cu, length 6.4074 mm
    @(180.1944 mm, 89.5510 mm): Track [RXI] on F.Cu, length 1.9850 mm
[connection_width]: Copper connection too narrow (board setup constraints minimum connection width 0.3000 mm; actual 0.2000 mm) (F.Cu)
    Rule: board setup constraints; warning
    @(173.5000 mm, 99.0000 mm): Track [RAW] on F.Cu, length 1.2728 mm
    @(172.6000 mm, 99.9000 mm): Pad 1 [RAW] of C7 on F.Cu
[connection_width]: Copper connection too narrow (board setup constraints minimum connection width 0.3000 mm; actual 0.2092 mm) (F.Cu)
    Rule: board setup constraints; warning
    @(158.5990 mm, 101.1620 mm): Track [MOSI] on F.Cu, length 2.1920 mm
    @(158.5990 mm, 102.2410 mm): Track [MOSI] on F.Cu, length 1.0790 mm
[connection_width]: Copper connection too narrow (board setup constraints minimum connection width 0.3000 mm; actual 0.2000 mm) (F.Cu)
    Rule: board setup constraints; warning
    @(180.0000 mm, 98.9600 mm): PTH pad 4 [RXI] of J3
    @(181.5980 mm, 97.3620 mm): Track [RXI] on F.Cu, length 2.2599 mm
[connection_width]: Copper connection too narrow (board setup constraints minimum connection width 0.3000 mm; actual 0.2000 mm) (F.Cu)
    Rule: board setup constraints; warning
    @(154.3400 mm, 106.5000 mm): Track [MOSI] on F.Cu, length 6.0231 mm
    @(154.3400 mm, 106.5000 mm): PTH pad 11 [MOSI] of J2
[connection_width]: Copper connection too narrow (board setup constraints minimum connection width 0.3000 mm; actual 0.2092 mm) (F.Cu)
    Rule: board setup constraints; warning
    @(173.7890 mm, 87.9232 mm): Track [RXI] on F.Cu, length 1.0228 mm
    @(173.7890 mm, 88.8768 mm): Track [RXI] on F.Cu, length 0.9535 mm
[connection_width]: Copper connection too narrow (board setup constraints minimum connection width 0.3000 mm; actual 0.2092 mm) (F.Cu)
    Rule: board setup constraints; warning
    @(169.4422 mm, 89.9520 mm): Track [RXI] on F.Cu, length 3.2716 mm
    @(168.0020 mm, 91.3922 mm): Track [RXI] on F.Cu, length 2.0368 mm
[connection_width]: Copper connection too narrow (board setup constraints minimum connection width 0.3000 mm; actual 0.2012 mm) (F.Cu)
    Rule: board setup constraints; warning
    @(168.1520 mm, 94.5980 mm): Track [RXI] on F.Cu, length 1.5480 mm
    @(168.0020 mm, 92.9000 mm): Track [RXI] on F.Cu, length 1.5078 mm
[connection_width]: Copper connection too narrow (board setup constraints minimum connection width 0.3000 mm; actual 0.2414 mm) (F.Cu)
    Rule: board setup constraints; warning
    @(166.7000 mm, 95.3000 mm): Pad 30 [RXI] of U1 on F.Cu
    @(167.4500 mm, 95.3000 mm): Track [RXI] on F.Cu, length 0.9928 mm
[connection_width]: Copper connection too narrow (board setup constraints minimum connection width 0.3000 mm; actual 0.2086 mm) (F.Cu)
    Rule: board setup constraints; warning
    @(168.1520 mm, 94.5980 mm): Track [RXI] on F.Cu, length 1.5480 mm
    @(168.0020 mm, 92.9000 mm): Track [RXI] on F.Cu, length 1.5078 mm
[connection_width]: Copper connection too narrow (board setup constraints minimum connection width 0.3000 mm; actual 0.2092 mm) (F.Cu)
    Rule: board setup constraints; warning
    @(173.5000 mm, 97.1000 mm): Track [RAW] on F.Cu, length 1.9000 mm
    @(174.6000 mm, 96.0000 mm): Track [RAW] on F.Cu, length 1.5556 mm
[connection_width]: Copper connection too narrow (board setup constraints minimum connection width 0.3000 mm; actual 0.2620 mm) (F.Cu)
    Rule: board setup constraints; warning
    @(183.4000 mm, 85.6000 mm): Zone [GND] on F.Cu
[connection_width]: Copper connection too narrow (board setup constraints minimum connection width 0.3000 mm; actual 0.2821 mm) (F.Cu)
    Rule: board setup constraints; warning
    @(183.4000 mm, 85.6000 mm): Zone [GND] on F.Cu
[connection_width]: Copper connection too narrow (board setup constraints minimum connection width 0.3000 mm; actual 0.2000 mm) (F.Cu)
    Rule: board setup constraints; warning
    @(174.9000 mm, 96.0000 mm): Track [RAW] on F.Cu, length 0.3000 mm
    @(177.1000 mm, 95.8000 mm): Track [RAW] on F.Cu, length 2.3000 mm
[connection_width]: Copper connection too narrow (board setup constraints minimum connection width 0.3000 mm; actual 0.2012 mm) (F.Cu)
    Rule: board setup constraints; warning
    @(180.0000 mm, 96.4200 mm): Track [RAW] on F.Cu, length 2.2800 mm
    @(177.7200 mm, 96.4200 mm): Track [RAW] on F.Cu, length 0.8768 mm
[connection_width]: Copper connection too narrow (board setup constraints minimum connection width 0.3000 mm; actual 0.2012 mm) (F.Cu)
    Rule: board setup constraints; warning
    @(179.7400 mm, 106.5000 mm): Track [RAW] on F.Cu, length 3.7618 mm
    @(182.4000 mm, 103.8400 mm): Track [RAW] on F.Cu, length 14.6878 mm
[connection_width]: Copper connection too narrow (board setup constraints minimum connection width 0.3000 mm; actual 0.2092 mm) (F.Cu)
    Rule: board setup constraints; warning
    @(163.3910 mm, 87.9232 mm): Track [RAW] on F.Cu, length 2.1468 mm
    @(165.0142 mm, 86.3000 mm): Track [RAW] on F.Cu, length 2.2956 mm
[connection_width]: Copper connection too narrow (board setup constraints minimum connection width 0.3000 mm; actual 0.2092 mm) (F.Cu)
    Rule: board setup constraints; warning
    @(163.3910 mm, 90.0700 mm): Track [RAW] on F.Cu, length 0.8358 mm
    @(162.8000 mm, 90.6610 mm): Track [RAW] on F.Cu, length 1.5390 mm
[connection_width]: Copper connection too narrow (board setup constraints minimum connection width 0.3000 mm; actual 0.2253 mm) (F.Cu)
    Rule: board setup constraints; warning
    @(163.6000 mm, 92.2000 mm): Track [GND] on F.Cu, length 1.4000 mm
    @(163.8000 mm, 90.6000 mm): Via [GND] on F.Cu - B.Cu
[text_height]: Text height out of range (board setup constraints silk text height min height 0.8000 mm; actual 0.6000 mm)
    Rule: board setup constraints silk text height; warning
    @(168.7000 mm, 92.1000 mm): PCB text 'C4' on F.Silkscreen
[text_height]: Text height out of range (board setup constraints silk text height min height 0.8000 mm; actual 0.6000 mm)
    Rule: board setup constraints silk text height; warning
    @(176.4000 mm, 94.9000 mm): Reference field of D1
[text_height]: Text height out of range (board setup constraints silk text height min height 0.8000 mm; actual 0.6000 mm)
    Rule: board setup constraints silk text height; warning
    @(165.1000 mm, 103.6500 mm): Reference field of C3
[text_height]: Text height out of range (board setup constraints silk text height min height 0.8000 mm; actual 0.6000 mm)
    Rule: board setup constraints silk text height; warning
    @(152.2500 mm, 94.2000 mm): Reference field of C2
[text_height]: Text height out of range (board setup constraints silk text height min height 0.8000 mm; actual 0.6000 mm)
    Rule: board setup constraints silk text height; warning
    @(152.7500 mm, 101.7000 mm): Reference field of C1
[text_height]: Text height out of range (board setup constraints silk text height min height 0.8000 mm; actual 0.6000 mm)
    Rule: board setup constraints silk text height; warning
    @(163.6000 mm, 102.4000 mm): Reference field of U1
[text_height]: Text height out of range (board setup constraints silk text height min height 0.8000 mm; actual 0.6000 mm)
    Rule: board setup constraints silk text height; warning
    @(154.2500 mm, 96.9000 mm): Reference field of Y1
[text_height]: Text height out of range (board setup constraints silk text height min height 0.8000 mm; actual 0.6000 mm)
    Rule: board setup constraints silk text height; warning
    @(170.2000 mm, 98.9000 mm): Reference field of R3
[text_height]: Text height out of range (board setup constraints silk text height min height 0.8000 mm; actual 0.6000 mm)
    Rule: board setup constraints silk text height; warning
    @(174.0000 mm, 90.4000 mm): Reference field of SW1
[text_height]: Text height out of range (board setup constraints silk text height min height 0.8000 mm; actual 0.6000 mm)
    Rule: board setup constraints silk text height; warning
    @(149.6000 mm, 88.4500 mm): Reference field of J1
[text_height]: Text height out of range (board setup constraints silk text height min height 0.8000 mm; actual 0.6000 mm)
    Rule: board setup constraints silk text height; warning
    @(149.4900 mm, 106.4500 mm): Reference field of J2
[text_height]: Text height out of range (board setup constraints silk text height min height 0.8000 mm; actual 0.6000 mm)
    Rule: board setup constraints silk text height; warning
    @(174.5000 mm, 103.6500 mm): Reference field of R2
[text_height]: Text height out of range (board setup constraints silk text height min height 0.8000 mm; actual 0.6000 mm)
    Rule: board setup constraints silk text height; warning
    @(177.4000 mm, 100.0500 mm): Reference field of R1
[text_height]: Text height out of range (board setup constraints silk text height min height 0.8000 mm; actual 0.6000 mm)
    Rule: board setup constraints silk text height; warning
    @(174.6000 mm, 94.4000 mm): Reference field of D2
[text_height]: Text height out of range (board setup constraints silk text height min height 0.8000 mm; actual 0.6000 mm)
    Rule: board setup constraints silk text height; warning
    @(170.8000 mm, 102.5000 mm): Reference field of C6
[text_height]: Text height out of range (board setup constraints silk text height min height 0.8000 mm; actual 0.6000 mm)
    Rule: board setup constraints silk text height; warning
    @(178.0000 mm, 91.5000 mm): Reference field of J3
[text_height]: Text height out of range (board setup constraints silk text height min height 0.8000 mm; actual 0.6000 mm)
    Rule: board setup constraints silk text height; warning
    @(172.6000 mm, 98.1000 mm): Reference field of C7
[silk_over_copper]: Silkscreen clipped by solder mask
    Local override; warning
    @(152.6500 mm, 98.0000 mm): Rectangle of Y1 on F.Silkscreen

** Found 0 unconnected pads **

** Found 0 Footprint errors **

** End of Report **
