ERC report (2026-05-18T02:29:46+0200, Encoding UTF8)

***** Sheet /
[duplicate_pins]: Symbol 'capacitor' has multiple pins with the same pin number
    ; error
    @(1600 mils, 1650 mils): Symbol C6 [capacitor]
[duplicate_pins]: Symbol 'capacitor' has multiple pins with the same pin number
    ; error
    @(2050 mils, 1650 mils): Symbol C7 [capacitor]
[duplicate_pins]: Symbol 'diode' has multiple pins with the same pin number
    ; error
    @(2600 mils, 1500 mils): Symbol D1 [diode]
[duplicate_pins]: Symbol 'resistor' has multiple pins with the same pin number
    ; error
    @(2600 mils, 1800 mils): Symbol R2 [resistor]
[power_pin_not_driven]: Input Power pin not driven by any Output Power pins
    ; error
    @(1450 mils, 3500 mils): Symbol #PWR04 Pin 1 [Power input, Line]
[duplicate_pins]: Symbol 'capacitor' has multiple pins with the same pin number
    ; error
    @(1800 mils, 3650 mils): Symbol C3 [capacitor]
[duplicate_pins]: Symbol 'resistor' has multiple pins with the same pin number
    ; error
    @(4100 mils, 1200 mils): Symbol R1 [resistor]
[duplicate_pins]: Symbol 'diode' has multiple pins with the same pin number
    ; error
    @(4100 mils, 1600 mils): Symbol D2 [diode]
[global_label_dangling]: Global label not connected anywhere else in the schematic
    ; warning
    @(2250 mils, 3850 mils): Global Label 'A6'
[global_label_dangling]: Global label not connected anywhere else in the schematic
    ; warning
    @(2250 mils, 3950 mils): Global Label 'A7'
[duplicate_pins]: Symbol 'atmega328p' has multiple pins with the same pin number
    ; error
    @(2800 mils, 4750 mils): Symbol U1 [atmega328p]
[duplicate_pins]: Symbol 'capacitor' has multiple pins with the same pin number
    ; error
    @(5500 mils, 1500 mils): Symbol C4 [capacitor]
[global_label_dangling]: Global label not connected anywhere else in the schematic
    ; warning
    @(3350 mils, 4850 mils): Global Label 'A4'
[global_label_dangling]: Global label not connected anywhere else in the schematic
    ; warning
    @(3350 mils, 4950 mils): Global Label 'A5'
[duplicate_pins]: Symbol 'switch' has multiple pins with the same pin number
    ; error
    @(5950 mils, 1450 mils): Symbol SW1 [switch]
[duplicate_pins]: Symbol 'capacitor' has multiple pins with the same pin number
    ; error
    @(4650 mils, 4150 mils): Symbol C2 [capacitor]
[duplicate_pins]: Symbol 'resistor' has multiple pins with the same pin number
    ; error
    @(6400 mils, 1350 mils): Symbol R3 [resistor]
[duplicate_pins]: Symbol 'capacitor' has multiple pins with the same pin number
    ; error
    @(4650 mils, 4700 mils): Symbol C1 [capacitor]
[power_pin_not_driven]: Input Power pin not driven by any Output Power pins
    ; error
    @(2800 mils, 6200 mils): Symbol #PWR01 Pin 1 [Power input, Line]
[multiple_net_names]: Both DTR and RST are attached to the same items; DTR will be used in the netlist
    ; warning
    @(9300 mils, 4750 mils): Global Label 'DTR'
    @(7800 mils, 4150 mils): Global Label 'RST'
[multiple_net_names]: Both RAW and VCC are attached to the same items; RAW will be used in the netlist
    ; warning
    @(1300 mils, 1300 mils): Global Label 'RAW'
    @(9300 mils, 4450 mils): Global Label 'VCC'

 ** ERC messages: 21  Errors 15  Warnings 6
